// Jest Snapshot v1, https://goo.gl/fbAQLP

exports[`SetupTOTP SharedSecret step raw display 1`] = `
preact-render-spy (1 nodes)
-------
<form
  class="wrapper"
  onSubmit={[Function onSubmit]}
  onReset={[Function onReset]}
>
  <div class="content ">
    <p>
      Manually enter this information into your two factor authentication device to set up your account. 
    </p>
    <p>
      <button
        type="button"
        onClick={[Function onClick]}
        class="button"
      >
        Scan QR code
      </button>
    </p>
    <div class="grid">
      <div class="row">
        <label class="label">KEY</label>
        <span class="value">
          <pre>THIS_IS_SECRET</pre>
        </span>
      </div>
      <div class="row">
        <label class="label">INTERVAL</label>
        <span class="value">
          <pre>60 seconds</pre>
        </span>
      </div>
      <div class="row">
        <label class="label">LENGTH</label>
        <span class="value">
          <pre>25.3 digits</pre>
        </span>
      </div>
    </div>
  </div>
  <div class="footer">
    <button
      type="reset"
      value="Reset"
    >
      Back
    </button>
    <button
      type="submit"
      value="Submit"
    >
      Next
    </button>
  </div>
</form>

`;

exports[`SetupTOTP SharedSecret step raw display 2`] = `
preact-render-spy (1 nodes)
-------
<form
  class="wrapper"
  onSubmit={[Function onSubmit]}
  onReset={[Function onReset]}
>
  <div class="content ">
    <p>
      Manually enter this information into your two factor authentication device to set up your account. 
    </p>
    <p>
      <button
        type="button"
        onClick={[Function onClick]}
        class="button"
      >
        Scan QR code
      </button>
    </p>
    <p>Loading...</p>
  </div>
  <div class="footer">
    <button
      type="reset"
      value="Reset"
    >
      Back
    </button>
    <button
      type="submit"
      value="Submit"
    >
      Next
    </button>
  </div>
</form>

`;

exports[`SetupTOTP SharedSecret step regular display 1`] = `
<form class="wrapper">
  <div class="content ">
    <p>Scan this QR code with your two factor authentication device to set up
      your account.</p>
    <p>
      <button type="button" class="button">Enter key manually instead</button>
    </p>
    <svg shapeRendering="crispEdges" height="256" width="256" viewBox="0 0 25 25">
      <path fill="#FFFFFF" d="M0,0 h25v25H0z"></path>
      <path fill="#505061" d="M0 0h7v1H0zM9 0h2v1H9zM12 0h1v1H12zM14 0h3v1H14zM18,0 h7v1H18zM0 1h1v1H0zM6 1h1v1H6zM8 1h1v1H8zM11 1h2v1H11zM15 1h2v1H15zM18 1h1v1H18zM24,1 h1v1H24zM0 2h1v1H0zM2 2h3v1H2zM6 2h1v1H6zM8 2h4v1H8zM18 2h1v1H18zM20 2h3v1H20zM24,2 h1v1H24zM0 3h1v1H0zM2 3h3v1H2zM6 3h1v1H6zM9 3h3v1H9zM14 3h3v1H14zM18 3h1v1H18zM20 3h3v1H20zM24,3 h1v1H24zM0 4h1v1H0zM2 4h3v1H2zM6 4h1v1H6zM8 4h1v1H8zM11 4h1v1H11zM13 4h1v1H13zM15 4h2v1H15zM18 4h1v1H18zM20 4h3v1H20zM24,4 h1v1H24zM0 5h1v1H0zM6 5h1v1H6zM8 5h2v1H8zM14 5h3v1H14zM18 5h1v1H18zM24,5 h1v1H24zM0 6h7v1H0zM8 6h1v1H8zM10 6h1v1H10zM12 6h1v1H12zM14 6h1v1H14zM16 6h1v1H16zM18,6 h7v1H18zM8 7h2v1H8zM0 8h2v1H0zM3 8h1v1H3zM6 8h2v1H6zM10 8h2v1H10zM13 8h4v1H13zM18 8h3v1H18zM22 8h2v1H22zM0 9h1v1H0zM2 9h2v1H2zM5 9h1v1H5zM7 9h2v1H7zM10 9h1v1H10zM12 9h2v1H12zM16 9h3v1H16zM21 9h1v1H21zM24,9 h1v1H24zM2 10h1v1H2zM6 10h1v1H6zM9 10h2v1H9zM13 10h1v1H13zM17 10h4v1H17zM23,10 h2v1H23zM0 11h2v1H0zM3 11h1v1H3zM7 11h2v1H7zM13 11h1v1H13zM16 11h1v1H16zM19 11h3v1H19zM0 12h1v1H0zM2 12h1v1H2zM4 12h5v1H4zM12 12h2v1H12zM15 12h4v1H15zM21 12h1v1H21zM23,12 h2v1H23zM3 13h3v1H3zM7 13h1v1H7zM9 13h2v1H9zM12 13h1v1H12zM17 13h2v1H17zM21 13h1v1H21zM24,13 h1v1H24zM0 14h1v1H0zM2 14h1v1H2zM5 14h2v1H5zM10 14h2v1H10zM16 14h1v1H16zM24,14 h1v1H24zM1 15h1v1H1zM4 15h1v1H4zM9 15h1v1H9zM13 15h3v1H13zM18 15h1v1H18zM21 15h1v1H21zM24,15 h1v1H24zM0 16h2v1H0zM6 16h3v1H6zM10 16h1v1H10zM12 16h1v1H12zM16 16h5v1H16zM22 16h2v1H22zM8 17h1v1H8zM11 17h2v1H11zM14 17h3v1H14zM20 17h1v1H20zM22 17h1v1H22zM24,17 h1v1H24zM0 18h7v1H0zM8 18h3v1H8zM12 18h1v1H12zM15 18h2v1H15zM18 18h1v1H18zM20 18h2v1H20zM23,18 h2v1H23zM0 19h1v1H0zM6 19h1v1H6zM9 19h1v1H9zM11 19h1v1H11zM15 19h2v1H15zM20 19h3v1H20zM0 20h1v1H0zM2 20h3v1H2zM6 20h1v1H6zM9 20h6v1H9zM16 20h5v1H16zM0 21h1v1H0zM2 21h3v1H2zM6 21h1v1H6zM8 21h2v1H8zM16 21h1v1H16zM20 21h1v1H20zM22 21h1v1H22zM0 22h1v1H0zM2 22h3v1H2zM6 22h1v1H6zM10 22h1v1H10zM13 22h1v1H13zM20 22h3v1H20zM24,22 h1v1H24zM0 23h1v1H0zM6 23h1v1H6zM8 23h3v1H8zM13 23h2v1H13zM16 23h2v1H16zM20 23h1v1H20zM0 24h7v1H0zM8 24h1v1H8zM11 24h1v1H11zM13 24h1v1H13zM15 24h4v1H15zM23,24 h2v1H23z"></path>
    </svg>
  </div>
  <div class="footer">
    <button type="reset" value="Reset">Back</button>
    <button type="submit" value="Submit">Next</button>
  </div>
</form>
`;

exports[`SetupTOTP SharedSecret step regular display 2`] = `
<form class="wrapper">
  <div class="content ">
    <p>Scan this QR code with your two factor authentication device to set up
      your account.</p>
    <p>
      <button type="button" class="button">Enter key manually instead</button>
    </p>
    <p>Loading...</p>
  </div>
  <div class="footer">
    <button type="reset" value="Reset">Back</button>
    <button type="submit" value="Submit">Next</button>
  </div>
</form>
`;
