// Jest Snapshot v1, https://goo.gl/fbAQLP

exports[`Initial Test of the Header Header renders 3 nav items 1`] = `
<header class="header">
  <h1>Proton Account</h1>
  <nav>
    <a href="/" class="active">Login</a>
  </nav>
</header>
`;
